The "poetry.dev-dependencies" section is deprecated and will be removed in a future version. Use "poetry.group.dev.dependencies" instead.
/workspaces/cloakmesh/orchestrator/src/cloakcli/api/http_gateway.py:42: DeprecationWarning: datetime.datetime.utcnow() is deprecated and scheduled for removal in a future version. Use timezone-aware objects to represent datetimes in UTC: datetime.datetime.now(datetime.UTC).
  now = datetime.datetime.utcnow().isoformat() + "Z"
  2026-05-22T12:14:53.329855Z  INFO cloakmesh_gateway: "POST /api/get_logs HTTP/1.1" 200 -
  2026-05-22T12:14:53.339990Z  INFO cloakmesh_gateway: "POST /api/get_node_status HTTP/1.1" 200 -
  2026-05-22T12:14:53.459033Z  INFO cloakmesh_gateway: "POST /api/get_node_status HTTP/1.1" 200 -
  2026-05-22T12:14:53.688638Z  INFO cloakmesh_gateway: "POST /api/get_relays HTTP/1.1" 200 -
  2026-05-22T12:14:53.703724Z  INFO cloakmesh_gateway: "POST /api/get_logs HTTP/1.1" 200 -
  2026-05-22T12:14:53.940765Z  INFO cloakmesh_gateway: "POST /api/get_relays HTTP/1.1" 200 -
  2026-05-22T12:14:55.717352Z  INFO cloakmesh_gateway: "POST /api/get_logs HTTP/1.1" 200 -
  2026-05-22T12:14:57.879998Z  INFO cloakmesh_gateway: "POST /api/get_logs HTTP/1.1" 200 -
  2026-05-22T12:14:58.722059Z  INFO cloakmesh_gateway: "POST /api/get_node_status HTTP/1.1" 200 -
  2026-05-22T12:14:59.174106Z  INFO cloakmesh_gateway: "POST /api/get_relays HTTP/1.1" 200 -
  2026-05-22T12:14:59.738879Z  INFO cloakmesh_gateway: "POST /api/get_logs HTTP/1.1" 200 -
  2026-05-22T12:15:01.873580Z  INFO cloakmesh_gateway: "POST /api/get_logs HTTP/1.1" 200 -
  2026-05-22T12:15:03.357199Z  INFO cloakmesh_gateway: "POST /api/get_logs HTTP/1.1" 200 -
  2026-05-22T12:15:03.386866Z  INFO cloakmesh_gateway: "POST /api/get_node_status HTTP/1.1" 200 -
  2026-05-22T12:15:03.946990Z  INFO cloakmesh_gateway: "POST /api/get_relays HTTP/1.1" 200 -
  2026-05-22T12:15:05.342310Z  INFO cloakmesh_gateway: "POST /api/get_logs HTTP/1.1" 200 -
  2026-05-22T12:15:07.325092Z  INFO cloakmesh_gateway: "POST /api/get_logs HTTP/1.1" 200 -
  2026-05-22T12:15:08.332860Z  INFO cloakmesh_gateway: "POST /api/get_node_status HTTP/1.1" 200 -
  2026-05-22T12:15:08.653202Z  INFO cloakmesh_gateway: "POST /api/get_relays HTTP/1.1" 200 -
  2026-05-22T12:15:09.336683Z  INFO cloakmesh_gateway: "POST /api/get_logs HTTP/1.1" 200 -
  2026-05-22T12:15:11.349098Z  INFO cloakmesh_gateway: "POST /api/get_logs HTTP/1.1" 200 -
  2026-05-22T12:15:14.030736Z  INFO cloakmesh_gateway: "POST /api/get_logs HTTP/1.1" 200 -
  2026-05-22T12:15:14.038043Z  INFO cloakmesh_gateway: "POST /api/get_node_status HTTP/1.1" 200 -
  2026-05-22T12:15:14.406468Z  INFO cloakmesh_gateway: "POST /api/get_relays HTTP/1.1" 200 -
  2026-05-22T12:15:15.716278Z  INFO cloakmesh_gateway: "POST /api/get_logs HTTP/1.1" 200 -
  2026-05-22T12:15:17.884090Z  INFO cloakmesh_gateway: "POST /api/get_logs HTTP/1.1" 200 -
  2026-05-22T12:15:18.773699Z  INFO cloakmesh_gateway: "POST /api/get_node_status HTTP/1.1" 200 -
  2026-05-22T12:15:19.130997Z  INFO cloakmesh_gateway: "POST /api/get_relays HTTP/1.1" 200 -
  2026-05-22T12:15:19.714253Z  INFO cloakmesh_gateway: "POST /api/get_logs HTTP/1.1" 200 -
  2026-05-22T12:15:21.755047Z  INFO cloakmesh_gateway: "POST /api/get_logs HTTP/1.1" 200 -
  2026-05-22T12:15:23.722370Z  INFO cloakmesh_gateway: "POST /api/get_node_status HTTP/1.1" 200 -
  2026-05-22T12:15:23.728355Z  INFO cloakmesh_gateway: "POST /api/get_logs HTTP/1.1" 200 -
  2026-05-22T12:15:24.831074Z  INFO cloakmesh_gateway: "POST /api/get_relays HTTP/1.1" 200 -
  2026-05-22T12:15:25.739716Z  INFO cloakmesh_gateway: "POST /api/get_logs HTTP/1.1" 200 -
  2026-05-22T12:15:27.754359Z  INFO cloakmesh_gateway: "POST /api/get_logs HTTP/1.1" 200 -
  2026-05-22T12:15:28.729641Z  INFO cloakmesh_gateway: "POST /api/get_node_status HTTP/1.1" 200 -
  2026-05-22T12:15:29.031501Z  INFO cloakmesh_gateway: "POST /api/get_relays HTTP/1.1" 200 -
  2026-05-22T12:15:29.718722Z  INFO cloakmesh_gateway: "POST /api/get_logs HTTP/1.1" 200 -
  2026-05-22T12:15:31.713573Z  INFO cloakmesh_gateway: "POST /api/get_logs HTTP/1.1" 200 -
  2026-05-22T12:15:33.724639Z  INFO cloakmesh_gateway: "POST /api/get_node_status HTTP/1.1" 200 -
  2026-05-22T12:15:33.732175Z  INFO cloakmesh_gateway: "POST /api/get_logs HTTP/1.1" 200 -
  2026-05-22T12:15:34.026172Z  INFO cloakmesh_gateway: "POST /api/get_relays HTTP/1.1" 200 -
  2026-05-22T12:15:35.738375Z  INFO cloakmesh_gateway: "POST /api/get_logs HTTP/1.1" 200 -
  2026-05-22T12:15:37.755734Z  INFO cloakmesh_gateway: "POST /api/get_logs HTTP/1.1" 200 -
  2026-05-22T12:15:38.741574Z  INFO cloakmesh_gateway: "POST /api/get_node_status HTTP/1.1" 200 -
  2026-05-22T12:15:39.028515Z  INFO cloakmesh_gateway: "POST /api/get_relays HTTP/1.1" 200 -
  2026-05-22T12:15:39.709188Z  INFO cloakmesh_gateway: "POST /api/get_logs HTTP/1.1" 200 -
  2026-05-22T12:15:41.731301Z  INFO cloakmesh_gateway: "POST /api/get_logs HTTP/1.1" 200 -
  2026-05-22T12:15:43.717650Z  INFO cloakmesh_gateway: "POST /api/get_node_status HTTP/1.1" 200 -
  2026-05-22T12:15:43.739790Z  INFO cloakmesh_gateway: "POST /api/get_logs HTTP/1.1" 200 -
  2026-05-22T12:15:44.020523Z  INFO cloakmesh_gateway: "POST /api/get_relays HTTP/1.1" 200 -
  2026-05-22T12:15:47.840778Z  INFO cloakmesh_gateway: "POST /api/get_logs HTTP/1.1" 200 -
  2026-05-22T12:15:48.727175Z  INFO cloakmesh_gateway: "POST /api/get_node_status HTTP/1.1" 200 -
  2026-05-22T12:15:49.055379Z  INFO cloakmesh_gateway: "POST /api/get_relays HTTP/1.1" 200 -
  2026-05-22T12:15:49.746588Z  INFO cloakmesh_gateway: "POST /api/get_logs HTTP/1.1" 200 -
  2026-05-22T12:15:51.905773Z  INFO cloakmesh_gateway: "POST /api/get_logs HTTP/1.1" 200 -
  2026-05-22T12:15:53.720854Z  INFO cloakmesh_gateway: "POST /api/get_logs HTTP/1.1" 200 -
  2026-05-22T12:15:53.734755Z  INFO cloakmesh_gateway: "POST /api/get_node_status HTTP/1.1" 200 -
  2026-05-22T12:15:54.052393Z  INFO cloakmesh_gateway: "POST /api/get_relays HTTP/1.1" 200 -
  2026-05-22T12:15:55.728653Z  INFO cloakmesh_gateway: "POST /api/get_logs HTTP/1.1" 200 -
  2026-05-22T12:15:57.824132Z  INFO cloakmesh_gateway: "POST /api/get_logs HTTP/1.1" 200 -
  2026-05-22T12:15:58.739843Z  INFO cloakmesh_gateway: "POST /api/get_node_status HTTP/1.1" 200 -
  2026-05-22T12:15:59.061170Z  INFO cloakmesh_gateway: "POST /api/get_relays HTTP/1.1" 200 -
  2026-05-22T12:15:59.723257Z  INFO cloakmesh_gateway: "POST /api/get_logs HTTP/1.1" 200 -
  2026-05-22T12:16:01.724684Z  INFO cloakmesh_gateway: "POST /api/get_logs HTTP/1.1" 200 -
  2026-05-22T12:16:03.976975Z  INFO cloakmesh_gateway: "POST /api/get_logs HTTP/1.1" 200 -
  2026-05-22T12:16:03.985268Z  INFO cloakmesh_gateway: "POST /api/get_node_status HTTP/1.1" 200 -
  2026-05-22T12:16:04.301777Z  INFO cloakmesh_gateway: "POST /api/get_relays HTTP/1.1" 200 -
  2026-05-22T12:16:05.733756Z  INFO cloakmesh_gateway: "POST /api/get_logs HTTP/1.1" 200 -
  2026-05-22T12:16:07.721806Z  INFO cloakmesh_gateway: "POST /api/get_logs HTTP/1.1" 200 -
  2026-05-22T12:16:08.737574Z  INFO cloakmesh_gateway: "POST /api/get_node_status HTTP/1.1" 200 -
  2026-05-22T12:16:09.050081Z  INFO cloakmesh_gateway: "POST /api/get_relays HTTP/1.1" 200 -
  2026-05-22T12:16:09.719592Z  INFO cloakmesh_gateway: "POST /api/get_logs HTTP/1.1" 200 -
  2026-05-22T12:16:11.761032Z  INFO cloakmesh_gateway: "POST /api/get_logs HTTP/1.1" 200 -
  2026-05-22T12:16:13.742673Z  INFO cloakmesh_gateway: "POST /api/get_node_status HTTP/1.1" 200 -
  2026-05-22T12:16:13.755050Z  INFO cloakmesh_gateway: "POST /api/get_logs HTTP/1.1" 200 -
  2026-05-22T12:16:14.102316Z  INFO cloakmesh_gateway: "POST /api/get_relays HTTP/1.1" 200 -
  2026-05-22T12:16:15.719288Z  INFO cloakmesh_gateway: "POST /api/get_logs HTTP/1.1" 200 -
  2026-05-22T12:16:17.837704Z  INFO cloakmesh_gateway: "POST /api/get_logs HTTP/1.1" 200 -
  2026-05-22T12:16:18.730124Z  INFO cloakmesh_gateway: "POST /api/get_node_status HTTP/1.1" 200 -
  2026-05-22T12:16:19.023344Z  INFO cloakmesh_gateway: "POST /api/get_relays HTTP/1.1" 200 -
  2026-05-22T12:16:19.734262Z  INFO cloakmesh_gateway: "POST /api/get_logs HTTP/1.1" 200 -
  2026-05-22T12:16:21.741215Z  INFO cloakmesh_gateway: "POST /api/get_logs HTTP/1.1" 200 -
  2026-05-22T12:16:23.731843Z  INFO cloakmesh_gateway: "POST /api/get_node_status HTTP/1.1" 200 -
  2026-05-22T12:16:23.792966Z  INFO cloakmesh_gateway: "POST /api/get_logs HTTP/1.1" 200 -
  2026-05-22T12:16:24.070017Z  INFO cloakmesh_gateway: "POST /api/get_relays HTTP/1.1" 200 -
  2026-05-22T12:16:25.718882Z  INFO cloakmesh_gateway: "POST /api/get_logs HTTP/1.1" 200 -
  2026-05-22T12:16:27.725354Z  INFO cloakmesh_gateway: "POST /api/get_logs HTTP/1.1" 200 -
  2026-05-22T12:16:28.943174Z  INFO cloakmesh_gateway: "POST /api/get_node_status HTTP/1.1" 200 -
  2026-05-22T12:16:29.283998Z  INFO cloakmesh_gateway: "POST /api/get_relays HTTP/1.1" 200 -
  2026-05-22T12:16:29.719485Z  INFO cloakmesh_gateway: "POST /api/get_logs HTTP/1.1" 200 -
  2026-05-22T12:16:31.714841Z  INFO cloakmesh_gateway: "POST /api/get_logs HTTP/1.1" 200 -
  2026-05-22T12:16:33.734177Z  INFO cloakmesh_gateway: "POST /api/get_logs HTTP/1.1" 200 -
  2026-05-22T12:16:33.749675Z  INFO cloakmesh_gateway: "POST /api/get_node_status HTTP/1.1" 200 -
  2026-05-22T12:16:34.091040Z  INFO cloakmesh_gateway: "POST /api/get_relays HTTP/1.1" 200 -
  2026-05-22T12:16:35.718484Z  INFO cloakmesh_gateway: "POST /api/get_logs HTTP/1.1" 200 -
  2026-05-22T12:16:37.730249Z  INFO cloakmesh_gateway: "POST /api/get_logs HTTP/1.1" 200 -
  2026-05-22T12:16:38.747664Z  INFO cloakmesh_gateway: "POST /api/get_node_status HTTP/1.1" 200 -
  2026-05-22T12:16:39.095745Z  INFO cloakmesh_gateway: "POST /api/get_relays HTTP/1.1" 200 -
  2026-05-22T12:16:39.712725Z  INFO cloakmesh_gateway: "POST /api/get_logs HTTP/1.1" 200 -
  2026-05-22T12:16:41.736146Z  INFO cloakmesh_gateway: "POST /api/get_logs HTTP/1.1" 200 -
  2026-05-22T12:16:43.733020Z  INFO cloakmesh_gateway: "POST /api/get_node_status HTTP/1.1" 200 -
  2026-05-22T12:16:43.741146Z  INFO cloakmesh_gateway: "POST /api/get_logs HTTP/1.1" 200 -
  2026-05-22T12:16:44.083932Z  INFO cloakmesh_gateway: "POST /api/get_relays HTTP/1.1" 200 -
  2026-05-22T12:16:45.710776Z  INFO cloakmesh_gateway: "POST /api/get_logs HTTP/1.1" 200 -
  2026-05-22T12:16:47.953807Z  INFO cloakmesh_gateway: "POST /api/get_logs HTTP/1.1" 200 -
  2026-05-22T12:16:48.727830Z  INFO cloakmesh_gateway: "POST /api/get_node_status HTTP/1.1" 200 -
  2026-05-22T12:16:49.043731Z  INFO cloakmesh_gateway: "POST /api/get_relays HTTP/1.1" 200 -
  2026-05-22T12:16:49.742759Z  INFO cloakmesh_gateway: "POST /api/get_logs HTTP/1.1" 200 -
  2026-05-22T12:16:51.749367Z  INFO cloakmesh_gateway: "POST /api/get_logs HTTP/1.1" 200 -
  2026-05-22T12:16:53.732347Z  INFO cloakmesh_gateway: "POST /api/get_logs HTTP/1.1" 200 -
  2026-05-22T12:16:53.753118Z  INFO cloakmesh_gateway: "POST /api/get_node_status HTTP/1.1" 200 -
  2026-05-22T12:16:54.109941Z  INFO cloakmesh_gateway: "POST /api/get_relays HTTP/1.1" 200 -
  2026-05-22T12:16:55.739328Z  INFO cloakmesh_gateway: "POST /api/get_logs HTTP/1.1" 200 -
  2026-05-22T12:16:57.880267Z  INFO cloakmesh_gateway: "POST /api/get_logs HTTP/1.1" 200 -
  2026-05-22T12:16:58.732590Z  INFO cloakmesh_gateway: "POST /api/get_node_status HTTP/1.1" 200 -
  2026-05-22T12:16:59.041655Z  INFO cloakmesh_gateway: "POST /api/get_relays HTTP/1.1" 200 -
  2026-05-22T12:16:59.723587Z  INFO cloakmesh_gateway: "POST /api/get_logs HTTP/1.1" 200 -
  2026-05-22T12:17:01.717741Z  INFO cloakmesh_gateway: "POST /api/get_logs HTTP/1.1" 200 -
  2026-05-22T12:17:03.737140Z  INFO cloakmesh_gateway: "POST /api/get_logs HTTP/1.1" 200 -
  2026-05-22T12:17:03.747260Z  INFO cloakmesh_gateway: "POST /api/get_node_status HTTP/1.1" 200 -
  2026-05-22T12:17:04.080037Z  INFO cloakmesh_gateway: "POST /api/get_relays HTTP/1.1" 200 -
  2026-05-22T12:17:05.713042Z  INFO cloakmesh_gateway: "POST /api/get_logs HTTP/1.1" 200 -
  2026-05-22T12:17:07.714942Z  INFO cloakmesh_gateway: "POST /api/get_logs HTTP/1.1" 200 -
  2026-05-22T12:17:08.735806Z  INFO cloakmesh_gateway: "POST /api/get_node_status HTTP/1.1" 200 -
  2026-05-22T12:17:09.039500Z  INFO cloakmesh_gateway: "POST /api/get_relays HTTP/1.1" 200 -
  2026-05-22T12:17:09.745324Z  INFO cloakmesh_gateway: "POST /api/get_logs HTTP/1.1" 200 -
  2026-05-22T12:17:11.721188Z  INFO cloakmesh_gateway: "POST /api/get_logs HTTP/1.1" 200 -
  2026-05-22T12:17:13.741798Z  INFO cloakmesh_gateway: "POST /api/get_logs HTTP/1.1" 200 -
  2026-05-22T12:17:13.769918Z  INFO cloakmesh_gateway: "POST /api/get_node_status HTTP/1.1" 200 -
  2026-05-22T12:17:14.069549Z  INFO cloakmesh_gateway: "POST /api/get_relays HTTP/1.1" 200 -
  2026-05-22T12:17:15.717749Z  INFO cloakmesh_gateway: "POST /api/get_logs HTTP/1.1" 200 -
  2026-05-22T12:17:17.887412Z  INFO cloakmesh_gateway: "POST /api/get_logs HTTP/1.1" 200 -
  2026-05-22T12:17:19.010207Z  INFO cloakmesh_gateway: "POST /api/get_node_status HTTP/1.1" 200 -
  2026-05-22T12:17:19.347191Z  INFO cloakmesh_gateway: "POST /api/get_relays HTTP/1.1" 200 -
  2026-05-22T12:17:19.734318Z  INFO cloakmesh_gateway: "POST /api/get_logs HTTP/1.1" 200 -
  2026-05-22T12:17:21.715053Z  INFO cloakmesh_gateway: "POST /api/get_logs HTTP/1.1" 200 -
  2026-05-22T12:17:23.724540Z  INFO cloakmesh_gateway: "POST /api/get_node_status HTTP/1.1" 200 -
  2026-05-22T12:17:23.739305Z  INFO cloakmesh_gateway: "POST /api/get_logs HTTP/1.1" 200 -
  2026-05-22T12:17:24.042546Z  INFO cloakmesh_gateway: "POST /api/get_relays HTTP/1.1" 200 -
  2026-05-22T12:17:25.721490Z  INFO cloakmesh_gateway: "POST /api/get_logs HTTP/1.1" 200 -
  2026-05-22T12:17:27.719177Z  INFO cloakmesh_gateway: "POST /api/get_logs HTTP/1.1" 200 -
  2026-05-22T12:17:28.749610Z  INFO cloakmesh_gateway: "POST /api/get_node_status HTTP/1.1" 200 -
  2026-05-22T12:17:29.066810Z  INFO cloakmesh_gateway: "POST /api/get_relays HTTP/1.1" 200 -
  2026-05-22T12:17:29.725041Z  INFO cloakmesh_gateway: "POST /api/get_logs HTTP/1.1" 200 -
  2026-05-22T12:17:31.719033Z  INFO cloakmesh_gateway: "POST /api/get_logs HTTP/1.1" 200 -
  2026-05-22T12:17:33.771622Z  INFO cloakmesh_gateway: "POST /api/get_node_status HTTP/1.1" 200 -
  2026-05-22T12:17:33.814767Z  INFO cloakmesh_gateway: "POST /api/get_logs HTTP/1.1" 200 -
  2026-05-22T12:17:34.148098Z  INFO cloakmesh_gateway: "POST /api/get_relays HTTP/1.1" 200 -
  2026-05-22T12:17:35.729396Z  INFO cloakmesh_gateway: "POST /api/get_logs HTTP/1.1" 200 -
  2026-05-22T12:17:37.717751Z  INFO cloakmesh_gateway: "POST /api/get_logs HTTP/1.1" 200 -
  2026-05-22T12:17:38.757063Z  INFO cloakmesh_gateway: "POST /api/get_node_status HTTP/1.1" 200 -
  2026-05-22T12:17:39.049224Z  INFO cloakmesh_gateway: "POST /api/get_relays HTTP/1.1" 200 -
  2026-05-22T12:17:39.727357Z  INFO cloakmesh_gateway: "POST /api/get_logs HTTP/1.1" 200 -
  2026-05-22T12:17:41.736958Z  INFO cloakmesh_gateway: "POST /api/get_logs HTTP/1.1" 200 -
  2026-05-22T12:17:43.735950Z  INFO cloakmesh_gateway: "POST /api/get_logs HTTP/1.1" 200 -
  2026-05-22T12:17:43.740909Z  INFO cloakmesh_gateway: "POST /api/get_node_status HTTP/1.1" 200 -
  2026-05-22T12:17:44.060796Z  INFO cloakmesh_gateway: "POST /api/get_relays HTTP/1.1" 200 -
  2026-05-22T12:17:45.729062Z  INFO cloakmesh_gateway: "POST /api/get_logs HTTP/1.1" 200 -
  2026-05-22T12:17:47.878029Z  INFO cloakmesh_gateway: "POST /api/get_logs HTTP/1.1" 200 -
  2026-05-22T12:17:48.744623Z  INFO cloakmesh_gateway: "POST /api/get_node_status HTTP/1.1" 200 -
  2026-05-22T12:17:49.052299Z  INFO cloakmesh_gateway: "POST /api/get_relays HTTP/1.1" 200 -
  2026-05-22T12:17:49.785993Z  INFO cloakmesh_gateway: "POST /api/get_logs HTTP/1.1" 200 -
  2026-05-22T12:17:51.742173Z  INFO cloakmesh_gateway: "POST /api/get_logs HTTP/1.1" 200 -
  2026-05-22T12:17:53.721232Z  INFO cloakmesh_gateway: "POST /api/get_node_status HTTP/1.1" 200 -
  2026-05-22T12:17:53.726218Z  INFO cloakmesh_gateway: "POST /api/get_logs HTTP/1.1" 200 -
  2026-05-22T12:17:54.024691Z  INFO cloakmesh_gateway: "POST /api/get_relays HTTP/1.1" 200 -
  2026-05-22T12:17:55.738997Z  INFO cloakmesh_gateway: "POST /api/get_logs HTTP/1.1" 200 -
  2026-05-22T12:17:57.722505Z  INFO cloakmesh_gateway: "POST /api/get_logs HTTP/1.1" 200 -
  2026-05-22T12:17:58.729593Z  INFO cloakmesh_gateway: "POST /api/get_node_status HTTP/1.1" 200 -
  2026-05-22T12:17:59.072960Z  INFO cloakmesh_gateway: "POST /api/get_relays HTTP/1.1" 200 -
  2026-05-22T12:17:59.741208Z  INFO cloakmesh_gateway: "POST /api/get_logs HTTP/1.1" 200 -
  2026-05-22T12:18:01.714999Z  INFO cloakmesh_gateway: "POST /api/get_logs HTTP/1.1" 200 -
  2026-05-22T12:18:03.739104Z  INFO cloakmesh_gateway: "POST /api/get_node_status HTTP/1.1" 200 -
  2026-05-22T12:18:03.758708Z  INFO cloakmesh_gateway: "POST /api/get_logs HTTP/1.1" 200 -
  2026-05-22T12:18:04.044496Z  INFO cloakmesh_gateway: "POST /api/get_relays HTTP/1.1" 200 -
  2026-05-22T12:18:05.746208Z  INFO cloakmesh_gateway: "POST /api/get_logs HTTP/1.1" 200 -
  2026-05-22T12:18:07.733119Z  INFO cloakmesh_gateway: "POST /api/get_logs HTTP/1.1" 200 -
  2026-05-22T12:18:08.745262Z  INFO cloakmesh_gateway: "POST /api/get_node_status HTTP/1.1" 200 -
  2026-05-22T12:18:09.094774Z  INFO cloakmesh_gateway: "POST /api/get_relays HTTP/1.1" 200 -
  2026-05-22T12:18:09.718819Z  INFO cloakmesh_gateway: "POST /api/get_logs HTTP/1.1" 200 -
  2026-05-22T12:18:11.715190Z  INFO cloakmesh_gateway: "POST /api/get_logs HTTP/1.1" 200 -
  2026-05-22T12:18:13.740473Z  INFO cloakmesh_gateway: "POST /api/get_node_status HTTP/1.1" 200 -
  2026-05-22T12:18:13.745356Z  INFO cloakmesh_gateway: "POST /api/get_logs HTTP/1.1" 200 -
  2026-05-22T12:18:14.053721Z  INFO cloakmesh_gateway: "POST /api/get_relays HTTP/1.1" 200 -
  2026-05-22T12:18:15.722870Z  INFO cloakmesh_gateway: "POST /api/get_logs HTTP/1.1" 200 -
  2026-05-22T12:18:17.965443Z  INFO cloakmesh_gateway: "POST /api/get_logs HTTP/1.1" 200 -
  2026-05-22T12:18:18.721270Z  INFO cloakmesh_gateway: "POST /api/get_node_status HTTP/1.1" 200 -
  2026-05-22T12:18:19.043810Z  INFO cloakmesh_gateway: "POST /api/get_relays HTTP/1.1" 200 -
  2026-05-22T12:18:19.733232Z  INFO cloakmesh_gateway: "POST /api/get_logs HTTP/1.1" 200 -
  2026-05-22T12:18:21.721402Z  INFO cloakmesh_gateway: "POST /api/get_logs HTTP/1.1" 200 -
  2026-05-22T12:18:23.726621Z  INFO cloakmesh_gateway: "POST /api/get_logs HTTP/1.1" 200 -
  2026-05-22T12:18:23.737803Z  INFO cloakmesh_gateway: "POST /api/get_node_status HTTP/1.1" 200 -
  2026-05-22T12:18:24.064637Z  INFO cloakmesh_gateway: "POST /api/get_relays HTTP/1.1" 200 -
  2026-05-22T12:18:25.721199Z  INFO cloakmesh_gateway: "POST /api/get_logs HTTP/1.1" 200 -
  2026-05-22T12:18:27.717402Z  INFO cloakmesh_gateway: "POST /api/get_logs HTTP/1.1" 200 -
  2026-05-22T12:18:28.724511Z  INFO cloakmesh_gateway: "POST /api/get_node_status HTTP/1.1" 200 -
  2026-05-22T12:18:29.073487Z  INFO cloakmesh_gateway: "POST /api/get_relays HTTP/1.1" 200 -
  2026-05-22T12:18:29.740082Z  INFO cloakmesh_gateway: "POST /api/get_logs HTTP/1.1" 200 -
  2026-05-22T12:18:31.744315Z  INFO cloakmesh_gateway: "POST /api/get_logs HTTP/1.1" 200 -
  2026-05-22T12:18:33.723885Z  INFO cloakmesh_gateway: "POST /api/get_logs HTTP/1.1" 200 -
  2026-05-22T12:18:33.741092Z  INFO cloakmesh_gateway: "POST /api/get_node_status HTTP/1.1" 200 -
  2026-05-22T12:18:34.159683Z  INFO cloakmesh_gateway: "POST /api/get_relays HTTP/1.1" 200 -
  2026-05-22T12:18:35.765399Z  INFO cloakmesh_gateway: "POST /api/get_logs HTTP/1.1" 200 -
  2026-05-22T12:18:37.743240Z  INFO cloakmesh_gateway: "POST /api/get_logs HTTP/1.1" 200 -
  2026-05-22T12:18:38.754242Z  INFO cloakmesh_gateway: "POST /api/get_node_status HTTP/1.1" 200 -
  2026-05-22T12:18:39.050502Z  INFO cloakmesh_gateway: "POST /api/get_relays HTTP/1.1" 200 -
  2026-05-22T12:18:39.716678Z  INFO cloakmesh_gateway: "POST /api/get_logs HTTP/1.1" 200 -
  2026-05-22T12:18:41.728233Z  INFO cloakmesh_gateway: "POST /api/get_logs HTTP/1.1" 200 -
  2026-05-22T12:18:43.744756Z  INFO cloakmesh_gateway: "POST /api/get_node_status HTTP/1.1" 200 -
  2026-05-22T12:18:43.760549Z  INFO cloakmesh_gateway: "POST /api/get_logs HTTP/1.1" 200 -
  2026-05-22T12:18:44.059834Z  INFO cloakmesh_gateway: "POST /api/get_relays HTTP/1.1" 200 -
  2026-05-22T12:18:45.724023Z  INFO cloakmesh_gateway: "POST /api/get_logs HTTP/1.1" 200 -
  2026-05-22T12:18:47.848646Z  INFO cloakmesh_gateway: "POST /api/get_logs HTTP/1.1" 200 -
  2026-05-22T12:18:48.735572Z  INFO cloakmesh_gateway: "POST /api/get_node_status HTTP/1.1" 200 -
  2026-05-22T12:18:49.052774Z  INFO cloakmesh_gateway: "POST /api/get_relays HTTP/1.1" 200 -
  2026-05-22T12:18:49.722735Z  INFO cloakmesh_gateway: "POST /api/get_logs HTTP/1.1" 200 -
  2026-05-22T12:18:51.714496Z  INFO cloakmesh_gateway: "POST /api/get_logs HTTP/1.1" 200 -
  2026-05-22T12:18:53.726310Z  INFO cloakmesh_gateway: "POST /api/get_logs HTTP/1.1" 200 -
  2026-05-22T12:18:53.753363Z  INFO cloakmesh_gateway: "POST /api/get_node_status HTTP/1.1" 200 -
  2026-05-22T12:18:54.064711Z  INFO cloakmesh_gateway: "POST /api/get_relays HTTP/1.1" 200 -
  2026-05-22T12:18:55.726573Z  INFO cloakmesh_gateway: "POST /api/get_logs HTTP/1.1" 200 -
  2026-05-22T12:18:57.729502Z  INFO cloakmesh_gateway: "POST /api/get_logs HTTP/1.1" 200 -
  2026-05-22T12:18:58.745420Z  INFO cloakmesh_gateway: "POST /api/get_node_status HTTP/1.1" 200 -
  2026-05-22T12:18:59.046823Z  INFO cloakmesh_gateway: "POST /api/get_relays HTTP/1.1" 200 -
  2026-05-22T12:18:59.719901Z  INFO cloakmesh_gateway: "POST /api/get_logs HTTP/1.1" 200 -
  2026-05-22T12:19:01.724730Z  INFO cloakmesh_gateway: "POST /api/get_logs HTTP/1.1" 200 -
  2026-05-22T12:19:03.730916Z  INFO cloakmesh_gateway: "POST /api/get_node_status HTTP/1.1" 200 -
  2026-05-22T12:19:03.736699Z  INFO cloakmesh_gateway: "POST /api/get_logs HTTP/1.1" 200 -
  2026-05-22T12:19:04.033548Z  INFO cloakmesh_gateway: "POST /api/get_relays HTTP/1.1" 200 -
  2026-05-22T12:19:05.736074Z  INFO cloakmesh_gateway: "POST /api/get_logs HTTP/1.1" 200 -
  2026-05-22T12:19:07.716587Z  INFO cloakmesh_gateway: "POST /api/get_logs HTTP/1.1" 200 -
  2026-05-22T12:19:08.721938Z  INFO cloakmesh_gateway: "POST /api/get_node_status HTTP/1.1" 200 -
  2026-05-22T12:19:09.038109Z  INFO cloakmesh_gateway: "POST /api/get_relays HTTP/1.1" 200 -
  2026-05-22T12:19:09.716300Z  INFO cloakmesh_gateway: "POST /api/get_logs HTTP/1.1" 200 -
  2026-05-22T12:19:11.728811Z  INFO cloakmesh_gateway: "POST /api/get_logs HTTP/1.1" 200 -
  2026-05-22T12:19:13.724629Z  INFO cloakmesh_gateway: "POST /api/get_logs HTTP/1.1" 200 -
  2026-05-22T12:19:13.737678Z  INFO cloakmesh_gateway: "POST /api/get_node_status HTTP/1.1" 200 -
  2026-05-22T12:19:14.046094Z  INFO cloakmesh_gateway: "POST /api/get_relays HTTP/1.1" 200 -
  2026-05-22T12:19:15.732727Z  INFO cloakmesh_gateway: "POST /api/get_logs HTTP/1.1" 200 -
  2026-05-22T12:19:18.239154Z  INFO cloakmesh_gateway: "POST /api/get_logs HTTP/1.1" 200 -
  2026-05-22T12:19:18.716934Z  INFO cloakmesh_gateway: "POST /api/get_node_status HTTP/1.1" 200 -
  2026-05-22T12:19:19.014135Z  INFO cloakmesh_gateway: "POST /api/get_relays HTTP/1.1" 200 -
  2026-05-22T12:19:19.711473Z  INFO cloakmesh_gateway: "POST /api/get_logs HTTP/1.1" 200 -
  2026-05-22T12:19:21.721540Z  INFO cloakmesh_gateway: "POST /api/get_logs HTTP/1.1" 200 -
  2026-05-22T12:19:23.722251Z  INFO cloakmesh_gateway: "POST /api/get_node_status HTTP/1.1" 200 -
  2026-05-22T12:19:23.735534Z  INFO cloakmesh_gateway: "POST /api/get_logs HTTP/1.1" 200 -
  2026-05-22T12:19:24.028324Z  INFO cloakmesh_gateway: "POST /api/get_relays HTTP/1.1" 200 -
  2026-05-22T12:19:25.748144Z  INFO cloakmesh_gateway: "POST /api/get_logs HTTP/1.1" 200 -
  2026-05-22T12:19:27.742221Z  INFO cloakmesh_gateway: "POST /api/get_logs HTTP/1.1" 200 -
  2026-05-22T12:19:28.736744Z  INFO cloakmesh_gateway: "POST /api/get_node_status HTTP/1.1" 200 -
  2026-05-22T12:19:29.050954Z  INFO cloakmesh_gateway: "POST /api/get_relays HTTP/1.1" 200 -
  2026-05-22T12:19:29.740669Z  INFO cloakmesh_gateway: "POST /api/get_logs HTTP/1.1" 200 -
  2026-05-22T12:19:31.770397Z  INFO cloakmesh_gateway: "POST /api/get_logs HTTP/1.1" 200 -
  2026-05-22T12:19:33.737056Z  INFO cloakmesh_gateway: "POST /api/get_logs HTTP/1.1" 200 -
  2026-05-22T12:19:33.741741Z  INFO cloakmesh_gateway: "POST /api/get_node_status HTTP/1.1" 200 -
  2026-05-22T12:19:34.043124Z  INFO cloakmesh_gateway: "POST /api/get_relays HTTP/1.1" 200 -
  2026-05-22T12:19:35.767167Z  INFO cloakmesh_gateway: "POST /api/get_logs HTTP/1.1" 200 -
  2026-05-22T12:19:37.731062Z  INFO cloakmesh_gateway: "POST /api/get_logs HTTP/1.1" 200 -
  2026-05-22T12:19:38.739096Z  INFO cloakmesh_gateway: "POST /api/get_node_status HTTP/1.1" 200 -
  2026-05-22T12:19:39.058373Z  INFO cloakmesh_gateway: "POST /api/get_relays HTTP/1.1" 200 -
  2026-05-22T12:19:39.748357Z  INFO cloakmesh_gateway: "POST /api/get_logs HTTP/1.1" 200 -
  2026-05-22T12:19:41.742194Z  INFO cloakmesh_gateway: "POST /api/get_logs HTTP/1.1" 200 -
  2026-05-22T12:19:43.734499Z  INFO cloakmesh_gateway: "POST /api/get_logs HTTP/1.1" 200 -
  2026-05-22T12:19:43.746369Z  INFO cloakmesh_gateway: "POST /api/get_node_status HTTP/1.1" 200 -
  2026-05-22T12:19:44.126088Z  INFO cloakmesh_gateway: "POST /api/get_relays HTTP/1.1" 200 -
  2026-05-22T12:19:45.716880Z  INFO cloakmesh_gateway: "POST /api/get_logs HTTP/1.1" 200 -
  2026-05-22T12:19:47.729530Z  INFO cloakmesh_gateway: "POST /api/get_logs HTTP/1.1" 200 -
  2026-05-22T12:19:48.878616Z  INFO cloakmesh_gateway: "POST /api/get_node_status HTTP/1.1" 200 -
  2026-05-22T12:19:49.190561Z  INFO cloakmesh_gateway: "POST /api/get_relays HTTP/1.1" 200 -
  2026-05-22T12:19:49.718562Z  INFO cloakmesh_gateway: "POST /api/get_logs HTTP/1.1" 200 -
  2026-05-22T12:19:51.724511Z  INFO cloakmesh_gateway: "POST /api/get_logs HTTP/1.1" 200 -
  2026-05-22T12:19:53.722055Z  INFO cloakmesh_gateway: "POST /api/get_node_status HTTP/1.1" 200 -
  2026-05-22T12:19:53.736701Z  INFO cloakmesh_gateway: "POST /api/get_logs HTTP/1.1" 200 -
  2026-05-22T12:19:54.022958Z  INFO cloakmesh_gateway: "POST /api/get_relays HTTP/1.1" 200 -
  2026-05-22T12:19:55.732121Z  INFO cloakmesh_gateway: "POST /api/get_logs HTTP/1.1" 200 -
  2026-05-22T12:19:57.715326Z  INFO cloakmesh_gateway: "POST /api/get_logs HTTP/1.1" 200 -
  2026-05-22T12:19:58.753584Z  INFO cloakmesh_gateway: "POST /api/get_node_status HTTP/1.1" 200 -
  2026-05-22T12:19:59.106316Z  INFO cloakmesh_gateway: "POST /api/get_relays HTTP/1.1" 200 -
  2026-05-22T12:19:59.715607Z  INFO cloakmesh_gateway: "POST /api/get_logs HTTP/1.1" 200 -
  2026-05-22T12:20:01.711359Z  INFO cloakmesh_gateway: "POST /api/get_logs HTTP/1.1" 200 -
  2026-05-22T12:20:03.715074Z  INFO cloakmesh_gateway: "POST /api/get_node_status HTTP/1.1" 200 -
  2026-05-22T12:20:03.735778Z  INFO cloakmesh_gateway: "POST /api/get_logs HTTP/1.1" 200 -
  2026-05-22T12:20:04.030485Z  INFO cloakmesh_gateway: "POST /api/get_relays HTTP/1.1" 200 -
  2026-05-22T12:20:05.736622Z  INFO cloakmesh_gateway: "POST /api/get_logs HTTP/1.1" 200 -
  2026-05-22T12:20:07.709947Z  INFO cloakmesh_gateway: "POST /api/get_logs HTTP/1.1" 200 -
  2026-05-22T12:20:08.710519Z  INFO cloakmesh_gateway: "POST /api/get_node_status HTTP/1.1" 200 -
  2026-05-22T12:20:09.018540Z  INFO cloakmesh_gateway: "POST /api/get_relays HTTP/1.1" 200 -
  2026-05-22T12:20:09.730662Z  INFO cloakmesh_gateway: "POST /api/get_logs HTTP/1.1" 200 -
  2026-05-22T12:20:11.723902Z  INFO cloakmesh_gateway: "POST /api/get_logs HTTP/1.1" 200 -
  2026-05-22T12:20:39.875138Z  INFO cloakmesh_gateway: "POST /api/get_node_status HTTP/1.1" 200 -
  2026-05-22T12:20:40.175139Z  INFO cloakmesh_gateway: "POST /api/get_relays HTTP/1.1" 200 -
  2026-05-22T12:20:40.212894Z  INFO cloakmesh_gateway: "POST /api/get_logs HTTP/1.1" 200 -
  2026-05-22T12:21:40.619999Z  INFO cloakmesh_gateway: "POST /api/get_logs HTTP/1.1" 200 -
  2026-05-22T12:21:40.758158Z  INFO cloakmesh_gateway: "POST /api/get_node_status HTTP/1.1" 200 -
  2026-05-22T12:21:41.122091Z  INFO cloakmesh_gateway: "POST /api/get_relays HTTP/1.1" 200 -
  2026-05-22T12:22:40.865760Z  INFO cloakmesh_gateway: "POST /api/get_node_status HTTP/1.1" 200 -
  2026-05-22T12:22:41.236391Z  INFO cloakmesh_gateway: "POST /api/get_logs HTTP/1.1" 200 -
  2026-05-22T12:22:41.519736Z  INFO cloakmesh_gateway: "POST /api/get_relays HTTP/1.1" 200 -
  2026-05-22T12:23:40.596609Z  INFO cloakmesh_gateway: "POST /api/get_node_status HTTP/1.1" 200 -
  2026-05-22T12:23:40.694256Z  INFO cloakmesh_gateway: "POST /api/get_logs HTTP/1.1" 200 -
  2026-05-22T12:23:41.235545Z  INFO cloakmesh_gateway: "POST /api/get_relays HTTP/1.1" 200 -
  2026-05-22T12:24:40.326065Z  INFO cloakmesh_gateway: "POST /api/get_node_status HTTP/1.1" 200 -
  2026-05-22T12:24:40.382516Z  INFO cloakmesh_gateway: "POST /api/get_logs HTTP/1.1" 200 -
  2026-05-22T12:24:41.119100Z  INFO cloakmesh_gateway: "POST /api/get_relays HTTP/1.1" 200 -
  2026-05-22T12:25:40.295601Z  INFO cloakmesh_gateway: "POST /api/get_node_status HTTP/1.1" 200 -
  2026-05-22T12:25:40.635854Z  INFO cloakmesh_gateway: "POST /api/get_logs HTTP/1.1" 200 -
  2026-05-22T12:25:40.960125Z  INFO cloakmesh_gateway: "POST /api/get_relays HTTP/1.1" 200 -
  2026-05-22T12:26:39.908129Z  INFO cloakmesh_gateway: "POST /api/get_logs HTTP/1.1" 200 -
  2026-05-22T12:26:40.334588Z  INFO cloakmesh_gateway: "POST /api/get_node_status HTTP/1.1" 200 -
  2026-05-22T12:26:40.837644Z  INFO cloakmesh_gateway: "POST /api/get_relays HTTP/1.1" 200 -
  2026-05-22T12:27:40.457692Z  INFO cloakmesh_gateway: "POST /api/get_node_status HTTP/1.1" 200 -
  2026-05-22T12:27:40.465466Z  INFO cloakmesh_gateway: "POST /api/get_logs HTTP/1.1" 200 -
  2026-05-22T12:27:41.189095Z  INFO cloakmesh_gateway: "POST /api/get_relays HTTP/1.1" 200 -
  2026-05-22T12:28:39.989895Z  INFO cloakmesh_gateway: "POST /api/get_node_status HTTP/1.1" 200 -
  2026-05-22T12:28:40.326517Z  INFO cloakmesh_gateway: "POST /api/get_logs HTTP/1.1" 200 -
  2026-05-22T12:28:40.699201Z  INFO cloakmesh_gateway: "POST /api/get_relays HTTP/1.1" 200 -
  2026-05-22T12:29:40.301713Z  INFO cloakmesh_gateway: "POST /api/get_node_status HTTP/1.1" 200 -
  2026-05-22T12:29:40.440829Z  INFO cloakmesh_gateway: "POST /api/get_logs HTTP/1.1" 200 -
  2026-05-22T12:29:40.665690Z  INFO cloakmesh_gateway: "POST /api/get_relays HTTP/1.1" 200 -
  2026-05-22T12:30:40.391594Z  INFO cloakmesh_gateway: "POST /api/get_logs HTTP/1.1" 200 -
  2026-05-22T12:30:40.402172Z  INFO cloakmesh_gateway: "POST /api/get_node_status HTTP/1.1" 200 -
  2026-05-22T12:30:41.199983Z  INFO cloakmesh_gateway: "POST /api/get_relays HTTP/1.1" 200 -
  2026-05-22T12:31:40.783815Z  INFO cloakmesh_gateway: "POST /api/get_logs HTTP/1.1" 200 -
  2026-05-22T12:31:40.977915Z  INFO cloakmesh_gateway: "POST /api/get_node_status HTTP/1.1" 200 -
  2026-05-22T12:31:41.677634Z  INFO cloakmesh_gateway: "POST /api/get_relays HTTP/1.1" 200 -
  2026-05-22T12:32:21.259559Z  WARN cloakmesh_gateway: code 501, message Unsupported method ('HEAD')
  2026-05-22T12:32:21.259607Z  WARN cloakmesh_gateway: "HEAD /.aws/ HTTP/1.1" 501 -
  2026-05-22T12:32:21.351402Z  WARN cloakmesh_gateway: code 501, message Unsupported method ('HEAD')
  2026-05-22T12:32:21.351473Z  WARN cloakmesh_gateway: "HEAD /.ada/ HTTP/1.1" 501 -
  2026-05-22T12:32:21.363276Z  WARN cloakmesh_gateway: code 501, message Unsupported method ('HEAD')
  2026-05-22T12:32:21.363326Z  WARN cloakmesh_gateway: "HEAD /.ssh/ HTTP/1.1" 501 -
  2026-05-22T12:32:21.451370Z  WARN cloakmesh_gateway: code 501, message Unsupported method ('HEAD')
  2026-05-22T12:32:21.451414Z  WARN cloakmesh_gateway: "HEAD /.midway/ HTTP/1.1" 501 -
  2026-05-22T12:32:40.384493Z  INFO cloakmesh_gateway: "POST /api/get_logs HTTP/1.1" 200 -
  2026-05-22T12:32:40.406055Z  INFO cloakmesh_gateway: "POST /api/get_node_status HTTP/1.1" 200 -
  2026-05-22T12:32:40.958689Z  INFO cloakmesh_gateway: "POST /api/get_relays HTTP/1.1" 200 -
  2026-05-22T12:33:40.401981Z  INFO cloakmesh_gateway: "POST /api/get_node_status HTTP/1.1" 200 -
  2026-05-22T12:33:40.895411Z  INFO cloakmesh_gateway: "POST /api/get_logs HTTP/1.1" 200 -
  2026-05-22T12:33:41.118703Z  INFO cloakmesh_gateway: "POST /api/get_relays HTTP/1.1" 200 -
  2026-05-22T12:34:40.316478Z  INFO cloakmesh_gateway: "POST /api/get_logs HTTP/1.1" 200 -
  2026-05-22T12:34:40.762026Z  INFO cloakmesh_gateway: "POST /api/get_node_status HTTP/1.1" 200 -
  2026-05-22T12:34:41.424062Z  INFO cloakmesh_gateway: "POST /api/get_relays HTTP/1.1" 200 -
